[03:00:10] [ServerMain/INFO]: [bootstrap] Running Java 25 (OpenJDK 64-Bit Server VM 25.0.3+9-LTS; Eclipse Adoptium Temurin-25.0.3+9) on Linux 6.8.0-138-generic (amd64)
[03:00:10] [ServerMain/INFO]: [bootstrap] Loading Paper 26.2-121-main@a2a42c5 (2026-08-29T11:32:25Z) for Minecraft 26.2
[03:00:10] [ServerMain/INFO]: [PluginInitializerManager] Initializing plugins...
[03:00:10] [ServerMain/INFO]: [PluginInitializerManager] Initialized 0 plugins
[03:00:15] [DataConverter MCTypeRegistry init thread/INFO]: [ca.spottedleaf.dataconverter.minecraft.datatypes.MCTypeRegistry] Initialising converters for DataConverter...
[03:00:15] [ServerMain/INFO]: Environment: Environment[sessionHost=https://sessionserver.mojang.com, servicesHost=https://api.minecraftservices.com, profilesHost=https://api.mojang.com, name=PROD]
[03:00:16] [DataConverter MCTypeRegistry init thread/INFO]: [ca.spottedleaf.dataconverter.minecraft.datatypes.MCTypeRegistry] Finished initialising converters for DataConverter in 1,501.9ms
[03:00:18] [ServerMain/INFO]: Loaded 1585 recipes
[03:00:18] [ServerMain/INFO]: Loaded 1688 advancements
[03:00:19] [Server thread/INFO]: Starting minecraft server version 26.2
[03:00:19] [Server thread/INFO]: Loading properties
[03:00:19] [Server thread/INFO]: This server is running Paper version 26.2-121-main@a2a42c5 (2026-08-29T11:32:25Z) (Implementing API version 26.2.build.121-stable)
[03:00:19] [Server thread/INFO]: [spark] This server bundles the spark profiler. For more information please visit https://docs.papermc.io/paper/profiling
[03:00:19] [Server thread/INFO]: Server Ping Player Sample Count: 12
[03:00:19] [Server thread/INFO]: Using 4 threads for Netty based IO
[03:00:20] [Server thread/INFO]: [MoonriseCommon] Paper is using 1 worker threads, 1 I/O threads
[03:00:20] [Server thread/INFO]: Default game type: SURVIVAL
[03:00:20] [Server thread/INFO]: Generating keypair
[03:00:20] [Server thread/INFO]: Starting Minecraft server on *:25565
[03:00:20] [Server thread/INFO]: Paper: Using libdeflate (Linux x86_64) compression from Velocity.
[03:00:20] [Server thread/INFO]: Paper: Using OpenSSL 3.x.x (Linux x86_64) cipher from Velocity.
[03:00:20] [Server thread/INFO]: Preparing level "world"
[03:00:21] [Server thread/INFO]: Loading 0 persistent chunks for level 'minecraft:overworld'...
[03:00:21] [Server thread/INFO]: Prepared spawn area in 1 ms
[03:00:21] [Server thread/INFO]: Loading 0 persistent chunks for level 'minecraft:the_nether'...
[03:00:21] [Server thread/INFO]: Prepared spawn area in 0 ms
[03:00:21] [Server thread/INFO]: Loading 0 persistent chunks for level 'minecraft:the_end'...
[03:00:21] [Server thread/INFO]: Prepared spawn area in 0 ms
[03:00:21] [Server thread/INFO]: Done preparing level "world" (0.493s)
[03:00:21] [Server thread/INFO]: [spark] Starting background profiler...
[03:00:21] [Server thread/INFO]: Starting remote control listener
[03:00:21] [Server thread/INFO]: Thread RCON Listener started
[03:00:21] [Server thread/INFO]: RCON running on 0.0.0.0:25575
[03:00:21] [Server thread/INFO]: Saving chunks for level 'ServerLevel[world]'/minecraft:overworld
[03:00:21] [Server thread/INFO]: Saving chunks for level 'ServerLevel[world]'/minecraft:the_nether
[03:00:21] [Server thread/INFO]: Saving chunks for level 'ServerLevel[world]'/minecraft:the_end
[03:00:21] [Server thread/INFO]: ThreadedAnvilChunkStorage (world): All chunks are saved
[03:00:21] [Server thread/INFO]: ThreadedAnvilChunkStorage (DIM-1): All chunks are saved
[03:00:21] [Server thread/INFO]: ThreadedAnvilChunkStorage (DIM1): All chunks are saved
[03:00:21] [Server thread/INFO]: ThreadedAnvilChunkStorage: All dimensions are saved
[03:00:21] [Server thread/INFO]: Running delayed init tasks
[03:00:21] [Server thread/INFO]: Done (12.083s)! For help, type "help"
[03:16:57] [Server thread/INFO]: shepan (/176.65.148.154:39202) lost connection: Disconnected
[03:19:06] [Server thread/INFO]: shepan (/176.65.148.154:36354) lost connection: Disconnected
[04:13:40] [User Authenticator #0/INFO]: UUID of player tunestay is e4f45465-c071-4e5e-b844-e342804c8315
[04:13:41] [Server thread/INFO]: tunestay joined the game
[04:13:41] [Server thread/INFO]: tunestay[/176.65.148.154:38448] logged in with entity id 11 at ([minecraft:overworld]-1.5, 97.0, -9.5)
[04:14:42] [Server thread/INFO]: tunestay lost connection: Disconnected
[04:14:42] [Server thread/INFO]: tunestay left the game
[20:44:17] [User Authenticator #1/INFO]: UUID of player RameshChoudary is 53bae69b-98fc-4f60-b865-462e723d2a23
[20:44:17] [Server thread/INFO]: Connection closed during protocol change
[20:44:17] [Server thread/INFO]: RameshChoudary (53bae69b-98fc-4f60-b865-462e723d2a23) lost connection: Disconnected
